
> frontend@0.1.0 build
> next build

npm : ÔÜá Warning: Next.js inferred your workspace root, 
but it may not be correct.
Au caractère Ligne:1 : 1
+ npm run build 2>&1 | Tee-Object -FilePath build_output.txt
+ ~~~~~~~~~~~~~~~~~~
    + CategoryInfo          : NotSpecified: (ÔÜá Warning: N 
   e...not be correct.:String) [], RemoteException
    + FullyQualifiedErrorId : NativeCommandError
 
 We detected multiple lockfiles and selected the directory 
of C:\Users\acer\Desktop\package-lock.json as the root 
directory.
 To silence this warning, set `turbopack.root` in your 
Next.js config, or consider removing one of the lockfiles 
if it's not needed.
   See https://nextjs.org/docs/app/api-reference/config/next
-config-js/turbopack#root-directory for more information.
 Detected additional lockfiles: 
   * C:\Users\acer\Desktop\AllKeyMasters\frontend\package-lo
ck.json

Ôû▓ Next.js 16.1.1 (Turbopack)
- Environments: .env.local, .env.production

ÔÜá The "middleware" file convention is deprecated. Please 
use "proxy" instead. Learn more: 
https://nextjs.org/docs/messages/middleware-to-proxy
  Creating an optimized production build ...
Ô£ô Compiled successfully in 12.3s
  Running TypeScript ...
  Collecting page data using 7 workers ...
  Generating static pages using 7 workers (0/35) ...
  Generating static pages using 7 workers (8/35) 
  Generating static pages using 7 workers (17/35) 
  Generating static pages using 7 workers (26/35) 
[SITEMAP] Erreur Supabase: {
  code: '42703',
  details: null,
  hint: 'Perhaps you meant to reference the column 
"products.created_at".',
  message: 'column products.updated_at does not exist'
}
Ô£ô Generating static pages using 7 workers (35/35) in 1714.7ms
  Finalizing page optimization ...

Route (app)
Ôöî ãÆ /
Ôö£ Ôùï /_not-found
Ôö£ ãÆ /account
Ôö£ ãÆ /account/profile
Ôö£ ãÆ /account/support
Ôö£ ãÆ /account/support/[id]
Ôö£ ãÆ /account/support/new
Ôö£ ãÆ /admin
Ôö£ ãÆ /admin/licenses
Ôö£ ãÆ /admin/orders
Ôö£ ãÆ /admin/reviews
Ôö£ ãÆ /admin/tickets
Ôö£ ãÆ /admin/tickets/[id]
Ôö£ ãÆ /api/admin/licenses/import
Ôö£ ãÆ /api/admin/reviews/delete
Ôö£ ãÆ /api/admin/tickets/close
Ôö£ ãÆ /api/admin/tickets/reply
Ôö£ ãÆ /api/auth/signout
Ôö£ ãÆ /api/checkout
Ôö£ ãÆ /api/orders/status
Ôö£ ãÆ /api/webhook/stripe
Ôö£ Ôùï /cart
Ôö£ Ôùï /checkout
Ôö£ Ôùï /checkout/cancel
Ôö£ Ôùï /checkout/success
Ôö£ Ôùï /legal/imprint
Ôö£ Ôùï /legal/privacy
Ôö£ Ôùï /legal/refund
Ôö£ Ôùï /legal/terms
Ôö£ ãÆ /logiciels
Ôö£ Ôùï /login
Ôö£ ãÆ /product/[id]
Ôö£ ãÆ /produit/[slug]
Ôö£ Ôùï /register
Ôö£ Ôùï /robots.txt
Ôö£ Ôùï /sitemap.xml
Ôöö ãÆ /support


ãÆ Proxy (Middleware)

Ôùï  (Static)   prerendered as static content
ãÆ  (Dynamic)  server-rendered on demand

